2026-04-10 15:09:35,517 - INFO - _setup_logging - ============================================================
2026-04-10 15:09:35,517 - INFO - _setup_logging - Genco Search v1.0.5 iniciado
2026-04-10 15:09:35,518 - INFO - _setup_logging - ============================================================
2026-04-10 15:09:35,838 - INFO - _save_config - Configurações salvas: tema light
2026-04-10 15:09:35,840 - INFO - _apply_theme - Tema 'light' aplicado com sucesso
2026-04-10 15:09:35,990 - INFO - _load_spinner - Spinner GIF carregado com sucesso
2026-04-10 15:09:36,205 - INFO - __init__ - Aplicação inicializada com sucesso
2026-04-10 15:09:36,631 - INFO - _check_for_updates - Versão atual (1.0.5) é a mais recente
2026-04-10 15:09:44,373 - INFO - _apply_theme - Tema 'dark' aplicado com sucesso
2026-04-10 15:09:44,375 - INFO - _save_config - Configurações salvas: tema dark
2026-04-10 15:09:45,479 - INFO - _toggle_theme - Tema alterado para: dark
2026-04-10 15:09:51,635 - INFO - _apply_theme - Tema 'light' aplicado com sucesso
2026-04-10 15:09:51,637 - INFO - _save_config - Configurações salvas: tema light
2026-04-10 15:09:52,440 - INFO - _toggle_theme - Tema alterado para: light
2026-04-10 15:10:03,346 - INFO - _start_search - Iniciando busca: termo='gnc3403', pasta='All folders'
2026-04-10 15:10:03,787 - INFO - _search_in - Busca concluída: 0 exatos, 0 relacionados
2026-04-10 15:10:04,556 - INFO - _search_in - Busca concluída: 0 exatos, 0 relacionados
2026-04-10 15:10:04,701 - INFO - _search_in - Busca concluída: 0 exatos, 0 relacionados
2026-04-10 15:10:05,752 - INFO - _search_in - Busca concluída: 0 exatos, 0 relacionados
2026-04-10 15:10:08,683 - INFO - _search_in - Busca concluída: 0 exatos, 0 relacionados
2026-04-10 15:10:11,154 - INFO - _search_in - Busca concluída: 1 exatos, 1 relacionados
2026-04-10 15:10:12,136 - INFO - _search_in - Busca concluída: 1 exatos, 7 relacionados
2026-04-10 15:10:14,207 - INFO - _search_in - Busca concluída: 0 exatos, 0 relacionados
2026-04-10 15:10:14,358 - INFO - _search_in - Busca concluída: 0 exatos, 0 relacionados
2026-04-10 15:10:20,561 - INFO - _search_in - Busca concluída: 1 exatos, 17 relacionados
2026-04-10 15:10:20,953 - INFO - _search_in - Busca concluída: 0 exatos, 0 relacionados
2026-04-10 15:10:20,957 - INFO - _all_folders_thread - Busca em todas as pastas concluída com 28 resultados
2026-04-13 10:36:24,727 - INFO - _setup_logging - ============================================================
2026-04-13 10:36:24,728 - INFO - _setup_logging - Genco Search v1.0.5 iniciado
2026-04-13 10:36:24,728 - INFO - _setup_logging - ============================================================
2026-04-13 10:36:24,969 - INFO - _load_config - Configurações carregadas: tema light
2026-04-13 10:36:24,970 - INFO - _apply_theme - Tema 'light' aplicado com sucesso
2026-04-13 10:36:24,971 - WARNING - _load_spinner - Spinner GIF não encontrado: c:\Users\Daniel\Desktop\Daniel\Meus Projetos\BotDeBusca\assets\images\lupapesquisa.gif
2026-04-13 10:36:25,091 - INFO - __init__ - Aplicação inicializada com sucesso
2026-04-13 10:36:25,524 - INFO - _check_for_updates - Versão atual (1.0.5) é a mais recente
2026-04-13 10:38:58,930 - INFO - _setup_logging - ============================================================
2026-04-13 10:38:58,930 - INFO - _setup_logging - Genco Search v1.0.5 iniciado
2026-04-13 10:38:58,931 - INFO - _setup_logging - ============================================================
2026-04-13 10:38:59,113 - INFO - _load_config - Configurações carregadas: tema light
2026-04-13 10:38:59,114 - INFO - _apply_theme - Tema 'light' aplicado com sucesso
2026-04-13 10:38:59,260 - INFO - _load_spinner - Spinner GIF carregado com sucesso
2026-04-13 10:38:59,404 - INFO - __init__ - Aplicação inicializada com sucesso
2026-04-13 10:38:59,732 - INFO - _check_for_updates - Versão atual (1.0.5) é a mais recente
2026-04-13 10:39:07,229 - INFO - _start_search - Iniciando busca: termo='asfafinwdlk', pasta='All folders'
2026-04-13 10:39:07,894 - INFO - _search_in - Busca concluída: 0 exatos, 0 relacionados
2026-04-13 10:39:09,732 - INFO - _search_in - Busca concluída: 0 exatos, 0 relacionados
2026-04-13 10:39:09,862 - INFO - _search_in - Busca concluída: 0 exatos, 0 relacionados
2026-04-13 10:39:10,009 - INFO - _search_in - Busca concluída: 0 exatos, 0 relacionados
2026-04-13 10:39:18,200 - INFO - _search_in - Busca concluída: 0 exatos, 0 relacionados
2026-04-13 10:39:21,645 - INFO - _search_in - Busca concluída: 0 exatos, 0 relacionados
2026-04-13 10:39:24,820 - INFO - _search_in - Busca concluída: 0 exatos, 0 relacionados
2026-04-13 10:39:27,481 - INFO - _search_in - Busca concluída: 0 exatos, 0 relacionados
2026-04-13 10:39:27,644 - INFO - _search_in - Busca concluída: 0 exatos, 0 relacionados
2026-04-13 10:39:39,367 - INFO - _search_in - Busca concluída: 0 exatos, 0 relacionados
2026-04-13 10:39:40,521 - INFO - _search_in - Busca concluída: 0 exatos, 0 relacionados
2026-04-13 10:39:40,528 - INFO - _all_folders_thread - Busca em todas as pastas concluída com 0 resultados
2026-04-13 10:40:01,249 - INFO - _start_search - Iniciando busca: termo='ctc 1407', pasta='All folders'
2026-04-13 10:40:01,377 - INFO - _search_in - Busca concluída: 0 exatos, 0 relacionados
2026-04-13 10:40:01,565 - INFO - _search_in - Busca concluída: 0 exatos, 50 relacionados
2026-04-13 10:40:01,581 - INFO - _search_in - Busca concluída: 0 exatos, 0 relacionados
2026-04-13 10:40:01,614 - INFO - _search_in - Busca concluída: 0 exatos, 0 relacionados
2026-04-13 10:40:02,186 - INFO - _search_in - Busca concluída: 0 exatos, 0 relacionados
2026-04-13 10:40:02,583 - INFO - _search_in - Busca concluída: 0 exatos, 0 relacionados
2026-04-13 10:40:02,824 - INFO - _search_in - Busca concluída: 0 exatos, 0 relacionados
2026-04-13 10:40:03,113 - INFO - _search_in - Busca concluída: 0 exatos, 0 relacionados
2026-04-13 10:40:03,147 - INFO - _search_in - Busca concluída: 0 exatos, 0 relacionados
2026-04-13 10:40:05,127 - INFO - _search_in - Busca concluída: 0 exatos, 4 relacionados
2026-04-13 10:40:05,427 - INFO - _search_in - Busca concluída: 0 exatos, 0 relacionados
2026-04-13 10:40:05,432 - INFO - _all_folders_thread - Busca em todas as pastas concluída com 54 resultados
2026-04-15 11:11:05,654 - INFO - _setup_logging - ============================================================
2026-04-15 11:11:05,655 - INFO - _setup_logging - Genco Search v1.0.6 iniciado
2026-04-15 11:11:05,656 - INFO - _setup_logging - ============================================================
2026-04-15 11:11:06,096 - INFO - _load_config - Configurações carregadas: tema light
2026-04-15 11:11:06,119 - INFO - _apply_theme - Tema 'light' aplicado com sucesso
2026-04-15 11:11:06,368 - INFO - _load_spinner - Spinner GIF carregado com sucesso
2026-04-15 11:11:06,560 - INFO - __init__ - Aplicação inicializada com sucesso
2026-04-15 11:11:06,951 - INFO - _check_for_updates - Versão atual (1.0.6) é a mais recente
2026-04-15 11:32:25,669 - INFO - _setup_logging - ============================================================
2026-04-15 11:32:25,670 - INFO - _setup_logging - Genco Search v1.0.6 iniciado
2026-04-15 11:32:25,670 - INFO - _setup_logging - ============================================================
2026-04-15 11:32:25,881 - INFO - _load_config - Configurações carregadas: tema light
2026-04-15 11:32:25,881 - INFO - _apply_theme - Tema 'light' aplicado com sucesso
2026-04-15 11:32:26,009 - INFO - _load_spinner - Spinner GIF carregado com sucesso
2026-04-15 11:32:26,135 - INFO - __init__ - Aplicação inicializada com sucesso
2026-04-15 11:32:26,530 - INFO - _check_for_updates - Versão atual (1.0.6) é a mais recente
2026-04-15 11:34:35,674 - INFO - _setup_logging - ============================================================
2026-04-15 11:34:35,675 - INFO - _setup_logging - Genco Search v1.0.6 iniciado
2026-04-15 11:34:35,675 - INFO - _setup_logging - ============================================================
2026-04-15 11:34:35,825 - INFO - _load_config - Configurações carregadas: tema light
2026-04-15 11:34:35,827 - INFO - _apply_theme - Tema 'light' aplicado com sucesso
2026-04-15 11:34:35,959 - INFO - _load_spinner - Spinner GIF carregado com sucesso
2026-04-15 11:34:36,074 - INFO - __init__ - Aplicação inicializada com sucesso
2026-04-15 11:34:36,396 - INFO - _check_for_updates - Versão atual (1.0.6) é a mais recente
2026-04-15 11:38:53,457 - INFO - _setup_logging - ============================================================
2026-04-15 11:38:53,458 - INFO - _setup_logging - Genco Search v1.0.6 iniciado
2026-04-15 11:38:53,458 - INFO - _setup_logging - ============================================================
2026-04-15 11:38:53,770 - INFO - _load_config - Configurações carregadas: tema light
2026-04-15 11:38:53,776 - INFO - _apply_theme - Tema 'light' aplicado com sucesso
2026-04-15 11:38:53,929 - INFO - _load_spinner - Spinner GIF carregado com sucesso
2026-04-15 11:38:54,137 - INFO - __init__ - Aplicação inicializada com sucesso
2026-04-15 11:38:54,497 - INFO - _check_for_updates - Versão atual (1.0.6) é a mais recente
2026-04-15 11:40:46,315 - INFO - _setup_logging - ============================================================
2026-04-15 11:40:46,316 - INFO - _setup_logging - Genco Search v1.0.6 iniciado
2026-04-15 11:40:46,316 - INFO - _setup_logging - ============================================================
2026-04-15 11:40:46,494 - INFO - _load_config - Configurações carregadas: tema light
2026-04-15 11:40:46,495 - INFO - _apply_theme - Tema 'light' aplicado com sucesso
2026-04-15 11:40:46,630 - INFO - _load_spinner - Spinner GIF carregado com sucesso
2026-04-15 11:40:46,813 - INFO - __init__ - Aplicação inicializada com sucesso
2026-04-15 11:40:47,233 - INFO - _check_for_updates - Versão atual (1.0.6) é a mais recente
2026-04-15 11:42:13,601 - INFO - _run - FFmpeg cmd: C:\Users\Daniel\AppData\Local\Programs\Python\Python313\Lib\site-packages\imageio_ffmpeg\binaries\ffmpeg-win-x86_64-v7.1.exe -i C:/Users/Daniel/Downloads/IMG_2834.MOV -y -c:v libx264 -crf 32 -preset fast -c:a aac -b:a 128k -progress pipe:1 -nostats C:/Users/Daniel/Downloads/IMG_2834_compressed.MOV
2026-04-15 11:42:59,849 - INFO - _setup_logging - ============================================================
2026-04-15 11:42:59,850 - INFO - _setup_logging - Genco Search v1.0.6 iniciado
2026-04-15 11:42:59,850 - INFO - _setup_logging - ============================================================
2026-04-15 11:43:00,254 - INFO - _load_config - Configurações carregadas: tema light
2026-04-15 11:43:00,281 - INFO - _apply_theme - Tema 'light' aplicado com sucesso
2026-04-15 11:43:00,485 - INFO - _load_spinner - Spinner GIF carregado com sucesso
2026-04-15 11:43:00,742 - INFO - __init__ - Aplicação inicializada com sucesso
2026-04-15 11:43:01,090 - INFO - _check_for_updates - Versão atual (1.0.6) é a mais recente
2026-04-15 11:50:04,917 - INFO - _setup_logging - ============================================================
2026-04-15 11:50:04,918 - INFO - _setup_logging - Genco Search v1.0.6 iniciado
2026-04-15 11:50:04,918 - INFO - _setup_logging - ============================================================
2026-04-15 11:50:05,088 - INFO - _load_config - Configurações carregadas: tema light
2026-04-15 11:50:05,088 - INFO - _apply_theme - Tema 'light' aplicado com sucesso
2026-04-15 11:50:05,229 - INFO - _load_spinner - Spinner GIF carregado com sucesso
2026-04-15 11:50:05,375 - INFO - __init__ - Aplicação inicializada com sucesso
2026-04-15 11:50:05,706 - INFO - _check_for_updates - Versão atual (1.0.6) é a mais recente
2026-04-15 11:50:40,125 - INFO - _setup_logging - ============================================================
2026-04-15 11:50:40,125 - INFO - _setup_logging - Genco Search v1.0.6 iniciado
2026-04-15 11:50:40,125 - INFO - _setup_logging - ============================================================
2026-04-15 11:50:40,278 - INFO - _load_config - Configurações carregadas: tema light
2026-04-15 11:50:40,281 - INFO - _apply_theme - Tema 'light' aplicado com sucesso
2026-04-15 11:50:40,445 - INFO - _load_spinner - Spinner GIF carregado com sucesso
2026-04-15 11:50:40,644 - INFO - __init__ - Aplicação inicializada com sucesso
2026-04-15 11:50:40,924 - INFO - _check_for_updates - Versão atual (1.0.6) é a mais recente
2026-04-15 11:51:00,974 - INFO - _run - FFmpeg cmd: C:\Users\Daniel\AppData\Local\Programs\Python\Python313\Lib\site-packages\imageio_ffmpeg\binaries\ffmpeg-win-x86_64-v7.1.exe -i C:\Users\Daniel\Downloads\IMG_2834.MOV -y -c:v libx264 -crf 26 -preset medium -c:a aac -b:a 128k -progress pipe:1 -nostats C:/Users/Daniel/Downloads/IMG_2834_compressed.MOV
2026-04-15 11:57:28,269 - INFO - _setup_logging - ============================================================
2026-04-15 11:57:28,270 - INFO - _setup_logging - Genco Search v1.0.6 iniciado
2026-04-15 11:57:28,270 - INFO - _setup_logging - ============================================================
2026-04-15 11:57:28,964 - INFO - _load_config - Configurações carregadas: tema light
2026-04-15 11:57:28,983 - INFO - _apply_theme - Tema 'light' aplicado com sucesso
2026-04-15 11:57:29,173 - INFO - _load_spinner - Spinner GIF carregado com sucesso
2026-04-15 11:57:29,437 - INFO - __init__ - Aplicação inicializada com sucesso
2026-04-15 11:57:29,860 - INFO - _check_for_updates - Versão atual (1.0.6) é a mais recente
2026-04-15 12:01:00,289 - INFO - _run - FFmpeg cmd: C:\Users\Daniel\AppData\Local\Programs\Python\Python313\Lib\site-packages\imageio_ffmpeg\binaries\ffmpeg-win-x86_64-v7.1.exe -i C:\Users\Daniel\Downloads\IMG_2834.MOV -y -c:v libx264 -crf 18 -preset slow -c:a aac -b:a 128k -progress pipe:1 -nostats C:/Users/Daniel/Downloads/IMG_2834_compressed.MOV
2026-04-15 12:08:28,938 - INFO - _setup_logging - ============================================================
2026-04-15 12:08:28,940 - INFO - _setup_logging - Genco Search v1.0.6 iniciado
2026-04-15 12:08:28,940 - INFO - _setup_logging - ============================================================
2026-04-15 12:08:29,268 - INFO - _load_config - Configurações carregadas: tema light
2026-04-15 12:08:29,270 - INFO - _apply_theme - Tema 'light' aplicado com sucesso
2026-04-15 12:08:29,439 - INFO - _load_spinner - Spinner GIF carregado com sucesso
2026-04-15 12:08:29,663 - INFO - __init__ - Aplicação inicializada com sucesso
2026-04-15 12:08:30,024 - INFO - _check_for_updates - Versão atual (1.0.6) é a mais recente
2026-04-15 12:08:42,470 - INFO - _get_video_duration - Duração do vídeo detectada: 32.4s
2026-04-15 12:08:42,471 - INFO - _run - FFmpeg cmd: C:\Users\Daniel\AppData\Local\Programs\Python\Python313\Lib\site-packages\imageio_ffmpeg\binaries\ffmpeg-win-x86_64-v7.1.exe -i C:\Users\Daniel\Downloads\IMG_2834.MOV -y -c:v libx264 -crf 32 -preset fast -c:a aac -b:a 128k -progress pipe:1 -nostats C:/Users/Daniel/Downloads/IMG_2834_compressed.MOV
2026-04-15 12:10:26,122 - INFO - _get_video_duration - Duração do vídeo detectada: 32.4s
2026-04-15 12:10:26,123 - INFO - _run - FFmpeg cmd: C:\Users\Daniel\AppData\Local\Programs\Python\Python313\Lib\site-packages\imageio_ffmpeg\binaries\ffmpeg-win-x86_64-v7.1.exe -i C:\Users\Daniel\Downloads\IMG_2834.MOV -y -c:v libx264 -crf 32 -preset fast -vf scale=-2:'480' -c:a aac -b:a 128k -progress pipe:1 -nostats C:/Users/Daniel/Downloads/IMG_2834_compressed.MOV
2026-04-15 12:19:24,110 - INFO - _get_video_duration - Duração do vídeo detectada: 5.0s
2026-04-15 12:19:24,111 - INFO - _run - FFmpeg cmd: C:\Users\Daniel\AppData\Local\Programs\Python\Python313\Lib\site-packages\imageio_ffmpeg\binaries\ffmpeg-win-x86_64-v7.1.exe -i C:\Users\Daniel\Downloads\Genkinho investigando video.mp4 -y -c:v libx264 -crf 18 -preset slow -c:a aac -b:a 128k -progress pipe:1 -nostats C:/Users/Daniel/Downloads/Genkinho investigando video_compressed.mp4
2026-04-15 12:22:19,407 - INFO - _setup_logging - ============================================================
2026-04-15 12:22:19,408 - INFO - _setup_logging - Genco Search v1.0.6 iniciado
2026-04-15 12:22:19,409 - INFO - _setup_logging - ============================================================
2026-04-15 12:22:19,687 - INFO - _load_config - Configurações carregadas: tema light
2026-04-15 12:22:19,691 - INFO - _apply_theme - Tema 'light' aplicado com sucesso
2026-04-15 12:22:19,815 - INFO - _load_spinner - Spinner GIF carregado com sucesso
2026-04-15 12:22:19,946 - INFO - __init__ - Aplicação inicializada com sucesso
2026-04-15 12:22:20,276 - INFO - _check_for_updates - Versão atual (1.0.6) é a mais recente
2026-04-15 12:22:42,690 - INFO - _get_video_duration - Duração do vídeo detectada: 5.0s
2026-04-15 12:22:42,690 - INFO - _run - FFmpeg cmd: C:\Users\Daniel\AppData\Local\Programs\Python\Python313\Lib\site-packages\imageio_ffmpeg\binaries\ffmpeg-win-x86_64-v7.1.exe -i C:/Users/Daniel/Downloads/Genkinho investigando video.mp4 -y -c:v libx264 -crf 32 -preset fast -c:a aac -b:a 128k -progress pipe:1 -nostats C:/Users/Daniel/Downloads/Genkinho investigando video_compressed.mp4
2026-04-15 12:23:06,057 - INFO - _get_video_duration - Duração do vídeo detectada: 32.4s
2026-04-15 12:23:06,057 - INFO - _run - FFmpeg cmd: C:\Users\Daniel\AppData\Local\Programs\Python\Python313\Lib\site-packages\imageio_ffmpeg\binaries\ffmpeg-win-x86_64-v7.1.exe -i C:/Users/Daniel/Downloads/IMG_2834.MOV -y -c:v libx264 -crf 32 -preset fast -c:a aac -b:a 128k -progress pipe:1 -nostats C:/Users/Daniel/Downloads/IMG_2834_compressed.MOV
2026-04-15 12:24:30,215 - INFO - _start_search - Iniciando busca: termo='ctc 1407', pasta='All folders'
2026-04-15 12:24:30,858 - INFO - _search_in - Busca concluída: 0 exatos, 0 relacionados
2026-04-15 12:24:32,082 - INFO - _search_in - Busca concluída: 0 exatos, 50 relacionados
2026-04-15 12:24:32,211 - INFO - _search_in - Busca concluída: 0 exatos, 0 relacionados
2026-04-15 12:24:32,392 - INFO - _search_in - Busca concluída: 0 exatos, 0 relacionados
2026-04-15 12:24:36,375 - INFO - _search_in - Busca concluída: 0 exatos, 0 relacionados
2026-04-15 12:24:38,780 - INFO - _search_in - Busca concluída: 0 exatos, 0 relacionados
2026-04-15 12:24:40,355 - INFO - _search_in - Busca concluída: 0 exatos, 0 relacionados
2026-04-15 12:24:42,477 - INFO - _search_in - Busca concluída: 0 exatos, 0 relacionados
2026-04-15 12:24:42,617 - INFO - _search_in - Busca concluída: 0 exatos, 0 relacionados
2026-04-15 12:24:52,768 - INFO - _search_in - Busca concluída: 0 exatos, 4 relacionados
2026-04-15 12:24:53,764 - INFO - _search_in - Busca concluída: 0 exatos, 0 relacionados
2026-04-15 12:24:53,772 - INFO - _all_folders_thread - Busca em todas as pastas concluída com 54 resultados
2026-04-15 14:06:44,690 - INFO - _setup_logging - ============================================================
2026-04-15 14:06:44,693 - INFO - _setup_logging - Genco Search v1.0.6 iniciado
2026-04-15 14:06:44,695 - INFO - _setup_logging - ============================================================
2026-04-15 14:06:45,017 - INFO - _load_config - Configurações carregadas: tema light
2026-04-15 14:06:45,033 - INFO - _apply_theme - Tema 'light' aplicado com sucesso
2026-04-15 14:06:45,180 - INFO - _load_spinner - Spinner GIF carregado com sucesso
2026-04-15 14:06:45,351 - INFO - __init__ - Aplicação inicializada com sucesso
2026-04-15 14:06:45,678 - INFO - _check_for_updates - Versão atual (1.0.6) é a mais recente
2026-04-15 14:07:27,429 - INFO - _setup_logging - ============================================================
2026-04-15 14:07:27,430 - INFO - _setup_logging - Genco Search v1.0.6 iniciado
2026-04-15 14:07:27,430 - INFO - _setup_logging - ============================================================
2026-04-15 14:07:27,557 - INFO - _load_config - Configurações carregadas: tema light
2026-04-15 14:07:27,558 - INFO - _apply_theme - Tema 'light' aplicado com sucesso
2026-04-15 14:07:27,654 - INFO - _load_spinner - Spinner GIF carregado com sucesso
2026-04-15 14:07:27,780 - INFO - __init__ - Aplicação inicializada com sucesso
2026-04-15 14:07:28,086 - INFO - _check_for_updates - Versão atual (1.0.6) é a mais recente
2026-04-15 14:13:10,291 - INFO - _setup_logging - ============================================================
2026-04-15 14:13:10,291 - INFO - _setup_logging - Genco Search v1.0.6 iniciado
2026-04-15 14:13:10,291 - INFO - _setup_logging - ============================================================
2026-04-15 14:13:10,446 - INFO - _load_config - Configurações carregadas: tema light
2026-04-15 14:13:10,447 - INFO - _apply_theme - Tema 'light' aplicado com sucesso
2026-04-15 14:13:10,548 - INFO - _load_spinner - Spinner GIF carregado com sucesso
2026-04-15 14:13:10,670 - INFO - __init__ - Aplicação inicializada com sucesso
2026-04-15 14:13:10,991 - INFO - _check_for_updates - Versão atual (1.0.6) é a mais recente
2026-04-15 14:13:34,400 - INFO - _setup_logging - ============================================================
2026-04-15 14:13:34,400 - INFO - _setup_logging - Genco Search v1.0.6 iniciado
2026-04-15 14:13:34,401 - INFO - _setup_logging - ============================================================
2026-04-15 14:13:34,527 - INFO - _load_config - Configurações carregadas: tema light
2026-04-15 14:13:34,528 - INFO - _apply_theme - Tema 'light' aplicado com sucesso
2026-04-15 14:13:34,630 - INFO - _load_spinner - Spinner GIF carregado com sucesso
2026-04-15 14:13:34,747 - INFO - __init__ - Aplicação inicializada com sucesso
2026-04-15 14:13:34,901 - INFO - _check_for_updates - Versão atual (1.0.6) é a mais recente
2026-04-15 14:14:03,676 - INFO - _apply_theme - Tema 'dark' aplicado com sucesso
2026-04-15 14:14:03,683 - INFO - _save_config - Configurações salvas: tema dark
2026-04-15 14:14:03,683 - INFO - _toggle_theme - Tema alterado para: dark
2026-04-15 14:14:06,554 - INFO - _apply_theme - Tema 'light' aplicado com sucesso
2026-04-15 14:14:06,555 - INFO - _save_config - Configurações salvas: tema light
2026-04-15 14:14:06,555 - INFO - _toggle_theme - Tema alterado para: light
2026-04-15 14:14:07,997 - INFO - _apply_theme - Tema 'dark' aplicado com sucesso
2026-04-15 14:14:07,998 - INFO - _save_config - Configurações salvas: tema dark
2026-04-15 14:14:07,999 - INFO - _toggle_theme - Tema alterado para: dark
2026-04-15 14:14:29,091 - INFO - _apply_theme - Tema 'light' aplicado com sucesso
2026-04-15 14:14:29,093 - INFO - _save_config - Configurações salvas: tema light
2026-04-15 14:14:29,505 - INFO - _toggle_theme - Tema alterado para: light
